Venta 1 found. Folio: 
Comprador: Yes (2)
Aval: Yes (3)
Letras Count: 2
Success! File ID: 16, Path: ventas/1/pagares__luis-alberto-nieves-montalvo.pdf
